// Jest Snapshot v1, https://goo.gl/fbAQLP

exports[`ImageCard component tests snapshot tests should render correctly 1`] = `
<div
  className="ImageCardContainer-photo-discovery__sc-40sd5q-0 jIPeRU"
  data-testid="ImageCard"
>
  <img
    className="Thumbnail-photo-discovery__sc-40sd5q-1 iYbfCN"
    onClick={[Function]}
    src="https://via.placeholder.com/600/771796"
  />
  <span
    className="TypographyContainer-photo-discovery__sc-1t3hmm1-0 gqzOXP CardTitle-photo-discovery__sc-40sd5q-2 iSTYDc"
    data-testid="Typography"
  >
    teste
  </span>
</div>
`;
